../Core/Src/main.c:102:6:isCornerLED	16	static
../Core/Src/main.c:116:9:cornerToDigit	16	static
../Core/Src/main.c:123:6:setPCAOutput	32	static
../Core/Src/main.c:139:6:driveLEDs	104	static
../Core/Src/main.c:195:6:testLEDs	24	static
../Core/Src/main.c:220:6:animation1	16	static
../Core/Src/main.c:234:6:resetEverything	16	static
../Core/Src/main.c:240:6:sideAnimDONTUSE	8	static
../Core/Src/main.c:281:6:spinningColumn	16	static
../Core/Src/main.c:296:6:checkerboard	8	static
../Core/Src/main.c:347:6:corners	16	static
../Core/Src/main.c:405:5:main	24	static
../Core/Src/main.c:475:6:SystemClock_Config	72	static
../Core/Src/main.c:512:13:MX_I2C2_Init	8	static
../Core/Src/main.c:546:13:MX_SPI2_Init	8	static
../Core/Src/main.c:583:13:MX_GPIO_Init	40	static
../Core/Src/main.c:643:6:Error_Handler	4	static,ignoring_inline_asm
